---
source: crates/uselesskey-tonic/tests/snapshots_tonic.rs
assertion_line: 56
expression: result
---
domain: localhost
cert_pem_lines: 18
cert_pem_has_begin: true
cert_pem_has_end: true
private_key_pem_has_begin: true
private_key_pem_has_end: true
cert_der_len: 743
private_key_der_len: 1217
cert_pem: "[REDACTED]"
private_key_pem: "[REDACTED]"
