---
source: crates/uselesskey-tonic/tests/snapshots_tonic.rs
assertion_line: 316
expression: result
---
domain: secure.example.com
root_cert_der_len: 797
intermediate_cert_der_len: 805
leaf_cert_der_len: 808
leaf_private_key_der_len: 1218
full_chain_pem_cert_count: 3
server_mtls_built: true
client_mtls_built: true
