---
source: tests/api_surface.rs
assertion_line: 442
expression: shape
---
Factory::random() -> Factory
Factory::deterministic(Seed) -> Factory
Factory::deterministic_from_str(&str) -> Factory
Factory::deterministic_from_env(&str) -> Result<Factory, Error>
Factory::mode() -> &Mode
Factory::clear_cache()
Mode::Random
Mode::Deterministic { master: Seed }
Seed::new([u8; 32]) -> Seed
Seed::from_text(&str) -> Seed
Seed::from_env_value(&str) -> Result<Seed, String>
